// Jest Snapshot v1, https://goo.gl/fbAQLP

exports[`Assessment should render correctly 1`] = `
<div
  className="transactions"
>
  <h2>
    Transactions
  </h2>
  <input
    id="search"
    onKeyUp={[Function]}
    placeholder="Search..."
    type="text"
  />
  <table
    border="1"
    cellPadding="5"
    className="transactions-table"
  >
    <thead>
      <tr>
        <th>
          Amount
        </th>
        <th>
          Date
        </th>
        <th>
          Card Last Four
        </th>
      </tr>
    </thead>
    <tbody>
      <tr>
        <td>
          1345.98
        </td>
        <td>
          2017-06-22T10:33
        </td>
        <td>
          0059
        </td>
      </tr>
      <tr>
        <td>
          7774.32
        </td>
        <td>
          2017-07-17T03:34
        </td>
        <td>
          6051
        </td>
      </tr>
      <tr>
        <td>
          95.99
        </td>
        <td>
          2017-11-23T14:34
        </td>
        <td>
          3011
        </td>
      </tr>
      <tr>
        <td>
          0.45
        </td>
        <td>
          2017-12-01T09:36
        </td>
        <td>
          4434
        </td>
      </tr>
      <tr>
        <td>
          1111.11
        </td>
        <td>
          2018-01-15T21:34
        </td>
        <td>
          9912
        </td>
      </tr>
      <tr>
        <td>
          112.98
        </td>
        <td>
          2018-01-27T12:34
        </td>
        <td>
          2544
        </td>
      </tr>
      <tr>
        <td>
          2850.70
        </td>
        <td>
          2018-01-27T12:34
        </td>
        <td>
          4444
        </td>
      </tr>
      <tr>
        <td>
          4.69
        </td>
        <td>
          2018-02-01T02:34
        </td>
        <td>
          8488
        </td>
      </tr>
      <tr>
        <td>
          45.00
        </td>
        <td>
          2018-02-10T02:34
        </td>
        <td>
          0110
        </td>
      </tr>
      <tr>
        <td>
          1.00
        </td>
        <td>
          2018-02-17T18:34
        </td>
        <td>
          1669
        </td>
      </tr>
    </tbody>
  </table>
</div>
`;
